# choco midi capture 2026-09-05 21:52:54
# port: 16:0 SINCO (SINCO MIDI 1)
# port: 133:0 WINE midi driver (WINE ALSA Output #8)
# cmd: aseqdump -p 16:0 | aseqdump -p 133:0
--
Waiting for data. Press Ctrl+C to end.
Source  Event                  Ch  Data
Waiting for data. Press Ctrl+C to end.
Source  Event                  Ch  Data
133:0   System exclusive           F0 00 32 09 49 00 00 00 02 5D 00 00 00 10 00 00 00 00 3A 02 F7
 16:0   System exclusive           F0 00 32 01 08 00 00 00 00 7F 01 F7
133:0   System exclusive           F0 00 32 09 49 00 00 00 02 5D 00 00 00 10 00 00 00 01 38 02 F7
 16:0   System exclusive           F0 00 32 01 08 00 00 00 00 7F 01 F7
133:0   System exclusive           F0 00 32 09 49 00 00 00 02 5D 00 00 00 10 00 00 00 02 36 02 F7
 16:0   System exclusive           F0 00 32 01 08 00 00 00 00 7F 01 F7
133:0   System exclusive           F0 00 32 09 49 00 00 00 02 5D 00 00 00 10 00 00 00 03 34 02 F7
 16:0   System exclusive           F0 00 32 01 08 00 00 00 00 7F 01 F7
133:0   System exclusive           F0 00 32 09 49 00 00 00 02 5D 00 00 00 10 00 00 00 04 32 02 F7
 16:0   System exclusive           F0 00 32 01 08 00 00 00 00 7F 01 F7
133:0   System exclusive           F0 00 32 09 49 00 00 00 02 7E 03 00 00 10 00 00 00 00 76 03 F7
 16:0   System exclusive           F0 00 32 01 08 00 00 00 00 7F 01 F7
133:0   System exclusive           F0 00 32 09 49 00 00 00 02 7E 03 00 00 10 00 00 00 01 74 03 F7
 16:0   System exclusive           F0 00 32 01 08 00 00 00 00 7F 01 F7
133:0   System exclusive           F0 00 32 09 49 00 00 00 02 7E 03 00 00 10 00 00 00 02 72 03 F7
 16:0   System exclusive           F0 00 32 01 08 00 00 00 00 7F 01 F7
133:0   System exclusive           F0 00 32 09 49 00 00 00 02 7E 03 00 00 10 00 00 00 03 70 03 F7
 16:0   System exclusive           F0 00 32 01 08 00 00 00 00 7F 01 F7
133:0   System exclusive           F0 00 32 09 49 00 00 00 02 7E 03 00 00 10 00 00 00 04 6E 03 F7
 16:0   System exclusive           F0 00 32 01 08 00 00 00 00 7F 01 F7
133:0   System exclusive           F0 00 32 09 49 00 00 00 02 1F 07 00 00 10 00 00 00 00 30 01 F7
 16:0   System exclusive           F0 00 32 01 08 00 00 00 00 7F 01 F7
133:0   System exclusive           F0 00 32 09 49 00 00 00 02 1F 07 00 00 10 00 00 00 01 2E 01 F7
 16:0   System exclusive           F0 00 32 01 08 00 00 00 00 7F 01 F7
133:0   System exclusive           F0 00 32 09 49 00 00 00 02 1F 07 00 00 10 00 00 00 02 2C 01 F7
 16:0   System exclusive           F0 00 32 01 08 00 00 00 00 7F 01 F7
133:0   System exclusive           F0 00 32 09 49 00 00 00 02 1F 07 00 00 10 00 00 00 03 2A 01 F7
 16:0   System exclusive           F0 00 32 01 08 00 00 00 00 7F 01 F7
133:0   System exclusive           F0 00 32 09 49 00 00 00 02 1F 07 00 00 10 00 00 00 04 28 01 F7
 16:0   System exclusive           F0 00 32 01 08 00 00 00 00 7F 01 F7
133:0   System exclusive           F0 00 32 09 49 00 00 00 02 40 0A 00 00 10 00 00 00 00 6A 02 F7
 16:0   System exclusive           F0 00 32 01 08 00 00 00 00 7F 01 F7
133:0   System exclusive           F0 00 32 09 49 00 00 00 02 40 0A 00 00 10 00 00 00 01 68 02 F7
 16:0   System exclusive           F0 00 32 01 08 00 00 00 00 7F 01 F7
133:0   System exclusive           F0 00 32 09 49 00 00 00 02 40 0A 00 00 10 00 00 00 02 66 02 F7
 16:0   System exclusive           F0 00 32 01 08 00 00 00 00 7F 01 F7
133:0   System exclusive           F0 00 32 09 49 00 00 00 02 40 0A 00 00 10 00 00 00 03 64 02 F7
 16:0   System exclusive           F0 00 32 01 08 00 00 00 00 7F 01 F7
133:0   System exclusive           F0 00 32 09 49 00 00 00 02 40 0A 00 00 10 00 00 00 04 62 02 F7
 16:0   System exclusive           F0 00 32 01 08 00 00 00 00 7F 01 F7
